// Jest Snapshot v1, https://goo.gl/fbAQLP

exports[`renders learn react link 1`] = `
Object {
  "asFragment": [Function],
  "baseElement": <body>
    <div>
      <div
        class="App"
      >
        <nav
          class="main-nav"
        >
          <ul
            class="main-nav__list"
          >
            <li
              class="main-nav__item"
            >
              <a
                class="main-nav__link"
                href="/"
                title="Home"
              >
                Home
                <svg
                  class="icon main-nav__icon"
                  height="24"
                  width="24"
                >
                  <use
                    xlink:href="#icon-home"
                  />
                </svg>
              </a>
            </li>
            <li
              class="main-nav__item"
            >
              <a
                class="main-nav__link"
                href="/movies"
                title="Movies"
              >
                Movies
                <svg
                  class="icon main-nav__icon"
                  height="24"
                  width="24"
                >
                  <use
                    xlink:href="#icon-movie"
                  />
                </svg>
              </a>
            </li>
            <li
              class="main-nav__item"
            >
              <a
                class="main-nav__link"
                href="/tv"
                title="TV"
              >
                TV
                <svg
                  class="icon main-nav__icon"
                  height="24"
                  width="24"
                >
                  <use
                    xlink:href="#icon-tv"
                  />
                </svg>
              </a>
            </li>
            <li
              class="main-nav__item"
            >
              <button
                class="main-nav__link"
                title="Search"
                type="button"
              >
                Search
                <svg
                  class="icon main-nav__icon"
                  height="24"
                  width="24"
                >
                  <use
                    xlink:href="#icon-search"
                  />
                </svg>
              </button>
            </li>
          </ul>
        </nav>
        <footer>
          <h1>
            Hello
          </h1>
        </footer>
      </div>
    </div>
  </body>,
  "container": <div>
    <div
      class="App"
    >
      <nav
        class="main-nav"
      >
        <ul
          class="main-nav__list"
        >
          <li
            class="main-nav__item"
          >
            <a
              class="main-nav__link"
              href="/"
              title="Home"
            >
              Home
              <svg
                class="icon main-nav__icon"
                height="24"
                width="24"
              >
                <use
                  xlink:href="#icon-home"
                />
              </svg>
            </a>
          </li>
          <li
            class="main-nav__item"
          >
            <a
              class="main-nav__link"
              href="/movies"
              title="Movies"
            >
              Movies
              <svg
                class="icon main-nav__icon"
                height="24"
                width="24"
              >
                <use
                  xlink:href="#icon-movie"
                />
              </svg>
            </a>
          </li>
          <li
            class="main-nav__item"
          >
            <a
              class="main-nav__link"
              href="/tv"
              title="TV"
            >
              TV
              <svg
                class="icon main-nav__icon"
                height="24"
                width="24"
              >
                <use
                  xlink:href="#icon-tv"
                />
              </svg>
            </a>
          </li>
          <li
            class="main-nav__item"
          >
            <button
              class="main-nav__link"
              title="Search"
              type="button"
            >
              Search
              <svg
                class="icon main-nav__icon"
                height="24"
                width="24"
              >
                <use
                  xlink:href="#icon-search"
                />
              </svg>
            </button>
          </li>
        </ul>
      </nav>
      <footer>
        <h1>
          Hello
        </h1>
      </footer>
    </div>
  </div>,
  "debug": [Function],
  "findAllByAltText": [Function],
  "findAllByDisplayValue": [Function],
  "findAllByLabelText": [Function],
  "findAllByPlaceholderText": [Function],
  "findAllByRole": [Function],
  "findAllByTestId": [Function],
  "findAllByText": [Function],
  "findAllByTitle": [Function],
  "findByAltText": [Function],
  "findByDisplayValue": [Function],
  "findByLabelText": [Function],
  "findByPlaceholderText": [Function],
  "findByRole": [Function],
  "findByTestId": [Function],
  "findByText": [Function],
  "findByTitle": [Function],
  "getAllByAltText": [Function],
  "getAllByDisplayValue": [Function],
  "getAllByLabelText": [Function],
  "getAllByPlaceholderText": [Function],
  "getAllByRole": [Function],
  "getAllByTestId": [Function],
  "getAllByText": [Function],
  "getAllByTitle": [Function],
  "getByAltText": [Function],
  "getByDisplayValue": [Function],
  "getByLabelText": [Function],
  "getByPlaceholderText": [Function],
  "getByRole": [Function],
  "getByTestId": [Function],
  "getByText": [Function],
  "getByTitle": [Function],
  "queryAllByAltText": [Function],
  "queryAllByDisplayValue": [Function],
  "queryAllByLabelText": [Function],
  "queryAllByPlaceholderText": [Function],
  "queryAllByRole": [Function],
  "queryAllByTestId": [Function],
  "queryAllByText": [Function],
  "queryAllByTitle": [Function],
  "queryByAltText": [Function],
  "queryByDisplayValue": [Function],
  "queryByLabelText": [Function],
  "queryByPlaceholderText": [Function],
  "queryByRole": [Function],
  "queryByTestId": [Function],
  "queryByText": [Function],
  "queryByTitle": [Function],
  "rerender": [Function],
  "unmount": [Function],
}
`;
